-- Automatically generated by SQLQueryTestSuite
-- Number of queries: 48


-- !query 0
CREATE TABLE DATE_TBL (f1 date) USING parquet
-- !query 0 schema
struct<>
-- !query 0 output



-- !query 1
INSERT INTO DATE_TBL VALUES ('1957-04-09')
-- !query 1 schema
struct<>
-- !query 1 output



-- !query 2
INSERT INTO DATE_TBL VALUES ('1957-06-13')
-- !query 2 schema
struct<>
-- !query 2 output



-- !query 3
INSERT INTO DATE_TBL VALUES ('1996-02-28')
-- !query 3 schema
struct<>
-- !query 3 output



-- !query 4
INSERT INTO DATE_TBL VALUES ('1996-02-29')
-- !query 4 schema
struct<>
-- !query 4 output



-- !query 5
INSERT INTO DATE_TBL VALUES ('1996-03-01')
-- !query 5 schema
struct<>
-- !query 5 output



-- !query 6
INSERT INTO DATE_TBL VALUES ('1996-03-02')
-- !query 6 schema
struct<>
-- !query 6 output



-- !query 7
INSERT INTO DATE_TBL VALUES ('1997-02-28')
-- !query 7 schema
struct<>
-- !query 7 output



-- !query 8
INSERT INTO DATE_TBL VALUES ('1997-03-01')
-- !query 8 schema
struct<>
-- !query 8 output



-- !query 9
INSERT INTO DATE_TBL VALUES ('1997-03-02')
-- !query 9 schema
struct<>
-- !query 9 output



-- !query 10
INSERT INTO DATE_TBL VALUES ('2000-04-01')
-- !query 10 schema
struct<>
-- !query 10 output



-- !query 11
INSERT INTO DATE_TBL VALUES ('2000-04-02')
-- !query 11 schema
struct<>
-- !query 11 output



-- !query 12
INSERT INTO DATE_TBL VALUES ('2000-04-03')
-- !query 12 schema
struct<>
-- !query 12 output



-- !query 13
INSERT INTO DATE_TBL VALUES ('2038-04-08')
-- !query 13 schema
struct<>
-- !query 13 output



-- !query 14
INSERT INTO DATE_TBL VALUES ('2039-04-09')
-- !query 14 schema
struct<>
-- !query 14 output



-- !query 15
INSERT INTO DATE_TBL VALUES ('2040-04-10')
-- !query 15 schema
struct<>
-- !query 15 output



-- !query 16
SELECT f1 AS `Fifteen` FROM DATE_TBL
-- !query 16 schema
struct<Fifteen:date>
-- !query 16 output
1957-04-09
1957-06-13
1996-02-28
1996-02-29
1996-03-01
1996-03-02
1997-02-28
1997-03-01
1997-03-02
2000-04-01
2000-04-02
2000-04-03
2038-04-08
2039-04-09
2040-04-10


-- !query 17
SELECT f1 AS `Nine` FROM DATE_TBL WHERE f1 < '2000-01-01'
-- !query 17 schema
struct<Nine:date>
-- !query 17 output
1957-04-09
1957-06-13
1996-02-28
1996-02-29
1996-03-01
1996-03-02
1997-02-28
1997-03-01
1997-03-02


-- !query 18
SELECT f1 AS `Three` FROM DATE_TBL
  WHERE f1 BETWEEN '2000-01-01' AND '2001-01-01'
-- !query 18 schema
struct<Three:date>
-- !query 18 output
2000-04-01
2000-04-02
2000-04-03


-- !query 19
SELECT date '1999-01-08'
-- !query 19 schema
struct<DATE '1999-01-08':date>
-- !query 19 output
1999-01-08


-- !query 20
SELECT date '1999-01-18'
-- !query 20 schema
struct<DATE '1999-01-18':date>
-- !query 20 output
1999-01-18


-- !query 21
SELECT date '1999 Jan 08'
-- !query 21 schema
struct<>
-- !query 21 output
org.apache.spark.sql.catalyst.parser.ParseException

Cannot parse the DATE value: 1999 Jan 08(line 1, pos 7)

== SQL ==
SELECT date '1999 Jan 08'
-------^^^


-- !query 22
SELECT date '1999 08 Jan'
-- !query 22 schema
struct<>
-- !query 22 output
org.apache.spark.sql.catalyst.parser.ParseException

Cannot parse the DATE value: 1999 08 Jan(line 1, pos 7)

== SQL ==
SELECT date '1999 08 Jan'
-------^^^


-- !query 23
SELECT date '1999-01-08'
-- !query 23 schema
struct<DATE '1999-01-08':date>
-- !query 23 output
1999-01-08


-- !query 24
SELECT date '1999-08-01'
-- !query 24 schema
struct<DATE '1999-08-01':date>
-- !query 24 output
1999-08-01


-- !query 25
SELECT date '1999 01 08'
-- !query 25 schema
struct<>
-- !query 25 output
org.apache.spark.sql.catalyst.parser.ParseException

Cannot parse the DATE value: 1999 01 08(line 1, pos 7)

== SQL ==
SELECT date '1999 01 08'
-------^^^


-- !query 26
SELECT date '1999 08 01'
-- !query 26 schema
struct<>
-- !query 26 output
org.apache.spark.sql.catalyst.parser.ParseException

Cannot parse the DATE value: 1999 08 01(line 1, pos 7)

== SQL ==
SELECT date '1999 08 01'
-------^^^


-- !query 27
SELECT date '1999-01-08'
-- !query 27 schema
struct<DATE '1999-01-08':date>
-- !query 27 output
1999-01-08


-- !query 28
SELECT date '1999 Jan 08'
-- !query 28 schema
struct<>
-- !query 28 output
org.apache.spark.sql.catalyst.parser.ParseException

Cannot parse the DATE value: 1999 Jan 08(line 1, pos 7)

== SQL ==
SELECT date '1999 Jan 08'
-------^^^


-- !query 29
SELECT date '1999 08 Jan'
-- !query 29 schema
struct<>
-- !query 29 output
org.apache.spark.sql.catalyst.parser.ParseException

Cannot parse the DATE value: 1999 08 Jan(line 1, pos 7)

== SQL ==
SELECT date '1999 08 Jan'
-------^^^


-- !query 30
SELECT date '1999-01-08'
-- !query 30 schema
struct<DATE '1999-01-08':date>
-- !query 30 output
1999-01-08


-- !query 31
SELECT date '1999-08-01'
-- !query 31 schema
struct<DATE '1999-08-01':date>
-- !query 31 output
1999-08-01


-- !query 32
SELECT date '1999 01 08'
-- !query 32 schema
struct<>
-- !query 32 output
org.apache.spark.sql.catalyst.parser.ParseException

Cannot parse the DATE value: 1999 01 08(line 1, pos 7)

== SQL ==
SELECT date '1999 01 08'
-------^^^


-- !query 33
SELECT date '1999 08 01'
-- !query 33 schema
struct<>
-- !query 33 output
org.apache.spark.sql.catalyst.parser.ParseException

Cannot parse the DATE value: 1999 08 01(line 1, pos 7)

== SQL ==
SELECT date '1999 08 01'
-------^^^


-- !query 34
SELECT date '1999-01-08'
-- !query 34 schema
struct<DATE '1999-01-08':date>
-- !query 34 output
1999-01-08


-- !query 35
SELECT date '1999-01-18'
-- !query 35 schema
struct<DATE '1999-01-18':date>
-- !query 35 output
1999-01-18


-- !query 36
SELECT date '1999 Jan 08'
-- !query 36 schema
struct<>
-- !query 36 output
org.apache.spark.sql.catalyst.parser.ParseException

Cannot parse the DATE value: 1999 Jan 08(line 1, pos 7)

== SQL ==
SELECT date '1999 Jan 08'
-------^^^


-- !query 37
SELECT date '1999 08 Jan'
-- !query 37 schema
struct<>
-- !query 37 output
org.apache.spark.sql.catalyst.parser.ParseException

Cannot parse the DATE value: 1999 08 Jan(line 1, pos 7)

== SQL ==
SELECT date '1999 08 Jan'
-------^^^


-- !query 38
SELECT date '1999-01-08'
-- !query 38 schema
struct<DATE '1999-01-08':date>
-- !query 38 output
1999-01-08


-- !query 39
SELECT date '1999-08-01'
-- !query 39 schema
struct<DATE '1999-08-01':date>
-- !query 39 output
1999-08-01


-- !query 40
SELECT date '1999 01 08'
-- !query 40 schema
struct<>
-- !query 40 output
org.apache.spark.sql.catalyst.parser.ParseException

Cannot parse the DATE value: 1999 01 08(line 1, pos 7)

== SQL ==
SELECT date '1999 01 08'
-------^^^


-- !query 41
SELECT date '1999 08 01'
-- !query 41 schema
struct<>
-- !query 41 output
org.apache.spark.sql.catalyst.parser.ParseException

Cannot parse the DATE value: 1999 08 01(line 1, pos 7)

== SQL ==
SELECT date '1999 08 01'
-------^^^


-- !query 42
SELECT date '4714-11-24 BC'
-- !query 42 schema
struct<DATE '4714-11-24':date>
-- !query 42 output
4714-11-24


-- !query 43
SELECT date '4714-11-23 BC'
-- !query 43 schema
struct<DATE '4714-11-23':date>
-- !query 43 output
4714-11-23


-- !query 44
-- out of range
SELECT date '5874897-12-31'
-- !query 44 schema
struct<>
-- !query 44 output
org.apache.spark.sql.catalyst.parser.ParseException

Cannot parse the DATE value: 5874897-12-31(line 2, pos 7)

== SQL ==
-- out of range
SELECT date '5874897-12-31'
-------^^^


-- !query 45
SELECT date '5874898-01-01'
-- !query 45 schema
struct<>
-- !query 45 output
org.apache.spark.sql.catalyst.parser.ParseException

Cannot parse the DATE value: 5874898-01-01(line 1, pos 7)

== SQL ==
SELECT date '5874898-01-01'
-------^^^


-- !query 46
-- out of range



SELECT f1 - date '2000-01-01' AS `Days From 2K` FROM DATE_TBL
-- !query 46 schema
struct<Days From 2K:int>
-- !query 46 output
-1035
-1036
-1037
-1400
-1401
-1402
-1403
-15542
-15607
13977
14343
14710
91
92
93


-- !query 47
DROP TABLE DATE_TBL
-- !query 47 schema
struct<>
-- !query 47 output

