-- Automatically generated by SQLQueryTestSuite
-- Number of queries: 5


-- !query 0
CREATE OR REPLACE TEMPORARY VIEW testData AS SELECT * FROM VALUES
(1, 1), (1, 2), (2, 1), (1, 1), (null, 2), (1, null), (null, null)
AS testData(a, b)
-- !query 0 schema
struct<>
-- !query 0 output



-- !query 1
SELECT
  udf(count(*)), udf(count(1)), udf(count(null)), udf(count(a)), udf(count(b)), udf(count(a + b)), udf(count((a, b)))
FROM testData
-- !query 1 schema
struct<udf(count(1)):string,udf(count(1)):string,udf(count(null)):string,udf(count(a)):string,udf(count(b)):string,udf(count((a + b))):string,udf(count(named_struct(a, a, b, b))):string>
-- !query 1 output
7	7	0	5	5	4	7


-- !query 2
SELECT
  udf(count(DISTINCT 1)),
  udf(count(DISTINCT null)),
  udf(count(DISTINCT a)),
  udf(count(DISTINCT b)),
  udf(count(DISTINCT (a + b))),
  udf(count(DISTINCT (a, b)))
FROM testData
-- !query 2 schema
struct<udf(count(distinct 1)):string,udf(count(distinct null)):string,udf(count(distinct a)):string,udf(count(distinct b)):string,udf(count(distinct (a + b))):string,udf(count(distinct named_struct(a, a, b, b))):string>
-- !query 2 output
1	0	2	2	2	6


-- !query 3
SELECT udf(count(a, b)), udf(count(b, a)), udf(count(testData.*)) FROM testData
-- !query 3 schema
struct<udf(count(a, b)):string,udf(count(b, a)):string,udf(count(a, b)):string>
-- !query 3 output
4	4	4


-- !query 4
SELECT
  udf(count(DISTINCT a, b)), udf(count(DISTINCT b, a)), udf(count(DISTINCT *)), udf(count(DISTINCT testData.*))
FROM testData
-- !query 4 schema
struct<udf(count(distinct a, b)):string,udf(count(distinct b, a)):string,udf(count(distinct a, b)):string,udf(count(distinct a, b)):string>
-- !query 4 output
3	3	3	3
